Collecting fastapi
  Downloading fastapi-0.141.1-py3-none-any.whl.metadata (27 kB)
Collecting uvicorn
  Downloading uvicorn-0.52.4-py3-none-any.whl.metadata (6.6 kB)
Collecting pandas
  Downloading pandas-3.0.5-cp314-cp314-win_amd64.whl.metadata (19 kB)
Collecting drain3
  Downloading drain3-0.9.11.tar.gz (27 kB)
  Installing build dependencies: started
  Installing build dependencies: finished with status 'done'
  Getting requirements to build wheel: started
  Getting requirements to build wheel: finished with status 'done'
  Preparing metadata (pyproject.toml): started
  Preparing metadata (pyproject.toml): finished with status 'done'
Collecting starlette>=0.46.0 (from fastapi)
  Downloading starlette-1.6.0-py3-none-any.whl.metadata (6.4 kB)
Collecting pydantic>=2.9.0 (from fastapi)
  Downloading pydantic-2.13.5-py3-none-any.whl.metadata (110 kB)
Requirement already satisfied: typing-extensions>=4.8.0 in C:\Users\uagar\AppData\Local\Programs\Python\Python314\Lib\site-packages (from fastapi) (4.16.0)
Collecting typing-inspection>=0.4.2 (from fastapi)
  Downloading typing_inspection-0.4.4-py3-none-any.whl.metadata (2.6 kB)
Collecting annotated-doc>=0.0.2 (from fastapi)
  Downloading annotated_doc-0.0.5-py3-none-any.whl.metadata (6.5 kB)
Requirement already satisfied: click>=7.0 in C:\Users\uagar\AppData\Local\Programs\Python\Python314\Lib\site-packages (from uvicorn) (8.4.2)
Collecting h11>=0.8 (from uvicorn)
  Using cached h11-0.16.0-py3-none-any.whl.metadata (8.3 kB)
Requirement already satisfied: numpy>=2.3.3 in C:\Users\uagar\AppData\Local\Programs\Python\Python314\Lib\site-packages (from pandas) (2.4.6)
Collecting python-dateutil>=2.8.2 (from pandas)
  Using cached python_dateutil-2.9.0.post0-py2.py3-none-any.whl.metadata (8.4 kB)
Collecting tzdata (from pandas)
  Downloading tzdata-2026.4-py2.py3-none-any.whl.metadata (1.4 kB)
Collecting jsonpickle==1.5.1 (from drain3)
  Downloading jsonpickle-1.5.1-py2.py3-none-any.whl.metadata (6.6 kB)
Collecting cachetools==4.2.1 (from drain3)
  Downloading cachetools-4.2.1-py3-none-any.whl.metadata (4.6 kB)
Requirement already satisfied: colorama in C:\Users\uagar\AppData\Local\Programs\Python\Python314\Lib\site-packages (from click>=7.0->uvicorn) (0.4.6)
Collecting annotated-types>=0.6.0 (from pydantic>=2.9.0->fastapi)
  Downloading annotated_types-0.8.0-py3-none-any.whl.metadata (15 kB)
Collecting pydantic-core==2.46.5 (from pydantic>=2.9.0->fastapi)
  Downloading pydantic_core-2.46.5-cp314-cp314-win_amd64.whl.metadata (6.7 kB)
Collecting six>=1.5 (from python-dateutil>=2.8.2->pandas)
  Using cached six-1.17.0-py2.py3-none-any.whl.metadata (1.7 kB)
Collecting anyio<5,>=3.6.2 (from starlette>=0.46.0->fastapi)
  Downloading anyio-4.15.1-py3-none-any.whl.metadata (4.7 kB)
Requirement already satisfied: idna>=2.8 in C:\Users\uagar\AppData\Local\Programs\Python\Python314\Lib\site-packages (from anyio<5,>=3.6.2->starlette>=0.46.0->fastapi) (3.18)
Downloading fastapi-0.141.1-py3-none-any.whl (131 kB)
Downloading uvicorn-0.52.4-py3-none-any.whl (79 kB)
Downloading pandas-3.0.5-cp314-cp314-win_amd64.whl (10.0 MB)
   ---------------------------------------- 10.0/10.0 MB 2.3 MB/s  0:00:04
Downloading cachetools-4.2.1-py3-none-any.whl (12 kB)
Downloading jsonpickle-1.5.1-py2.py3-none-any.whl (37 kB)
Downloading annotated_doc-0.0.5-py3-none-any.whl (5.3 kB)
Using cached h11-0.16.0-py3-none-any.whl (37 kB)
Downloading pydantic-2.13.5-py3-none-any.whl (472 kB)
Downloading pydantic_core-2.46.5-cp314-cp314-win_amd64.whl (2.0 MB)
   ---------------------------------------- 2.0/2.0 MB 2.7 MB/s  0:00:00
Downloading annotated_types-0.8.0-py3-none-any.whl (13 kB)
Using cached python_dateutil-2.9.0.post0-py2.py3-none-any.whl (229 kB)
Using cached six-1.17.0-py2.py3-none-any.whl (11 kB)
Downloading starlette-1.6.0-py3-none-any.whl (75 kB)
Downloading anyio-4.15.1-py3-none-any.whl (132 kB)
Downloading typing_inspection-0.4.4-py3-none-any.whl (14 kB)
Downloading tzdata-2026.4-py2.py3-none-any.whl (347 kB)
Building wheels for collected packages: drain3
  Building wheel for drain3 (pyproject.toml): started
  Building wheel for drain3 (pyproject.toml): finished with status 'done'
  Created wheel for drain3: filename=drain3-0.9.11-py3-none-any.whl size=24218 sha256=300f50a21e94da110ff0878bb7099cee5f0448aa2c4ff72c6269ab3ef7e0dcd6
  Stored in directory: c:\users\uagar\appdata\local\pip\cache\wheels\35\35\66\dc76426ddaeb1de6db412de9fabdc376dddfcc7639acac2ff6
Successfully built drain3
Installing collected packages: tzdata, typing-inspection, six, pydantic-core, jsonpickle, h11, cachetools, anyio, annotated-types, annotated-doc, uvicorn, starlette, python-dateutil, pydantic, drain3, pandas, fastapi
  WARNING: The script uvicorn.exe is installed in 'C:\Users\uagar\AppData\Local\Programs\Python\Python314\Scripts' which is not on PATH.
  Consider adding this directory to PATH or, if you prefer to suppress this warning, use --no-warn-script-location.
  WARNING: The script fastapi.exe is installed in 'C:\Users\uagar\AppData\Local\Programs\Python\Python314\Scripts' which is not on PATH.
  Consider adding this directory to PATH or, if you prefer to suppress this warning, use --no-warn-script-location.

Successfully installed annotated-doc-0.0.5 annotated-types-0.8.0 anyio-4.15.1 cachetools-4.2.1 drain3-0.9.11 fastapi-0.141.1 h11-0.16.0 jsonpickle-1.5.1 pandas-3.0.5 pydantic-2.13.5 pydantic-core-2.46.5 python-dateutil-2.9.0.post0 six-1.17.0 starlette-1.6.0 typing-inspection-0.4.4 tzdata-2026.4 uvicorn-0.52.4

[notice] A new release of pip is available: 26.1.2 -> 26.2.1
[notice] To update, run: C:\Users\uagar\AppData\Local\Programs\Python\Python314\python.exe -m pip install --upgrade pip
