
> frontend@0.1.0 build
> react-scripts build

(node:10964) [DEP0176] DeprecationWarning: fs.F_OK is deprecated, use fs.constants.F_OK instead
(Use `node --trace-deprecation ...` to show where the warning was created)
Creating an optimized production build...
Compiled with warnings.

[eslint] 
src\App.js
  Line 4:3:   'Play' is defined but never used  no-unused-vars
  Line 4:9:   'Save' is defined but never used  no-unused-vars
  Line 4:44:  'Plus' is defined but never used  no-unused-vars

Search for the keywords to learn more about each warning.
To ignore, add // eslint-disable-next-line to the line before.

File sizes after gzip:

  84.87 kB (+23 B)  build\static\js\main.a240abfa.js
  2.86 kB           build\static\css\main.70ad7d13.css
  1.76 kB           build\static\js\453.20359781.chunk.js

The project was built assuming it is hosted at /.
You can control this with the homepage field in your package.json.

The build folder is ready to be deployed.
You may serve it with a static server:

  npm install -g serve
  serve -s build

Find out more about deployment here:

  https://cra.link/deployment

